This is pdfTeX, Version 3.141592653-2.6-1.40.29 (TeX Live 2026) (preloaded format=pdflatex 2026.7.20)  29 SEP 2026 05:14
entering extended mode
 restricted \write18 enabled.
 %&-line parsing enabled.
**Proyecto_9_EDA.tex
(./Proyecto_9_EDA.tex
LaTeX2e <2026-06-01>
L3 programming layer <2026-06-18>
(c:/Users/angel/AppData/Roaming/TinyTeX/texmf-dist/tex/latex/base/article.cls
Document Class: article 2025/01/22 v1.4n Standard LaTeX document class
(c:/Users/angel/AppData/Roaming/TinyTeX/texmf-dist/tex/latex/base/size10.clo
File: size10.clo 2025/01/22 v1.4n Standard LaTeX file (size option)
)
\c@part=\count276
\c@section=\count277
\c@subsection=\count278
\c@subsubsection=\count279
\c@paragraph=\count280
\c@subparagraph=\count281
\c@figure=\count282
\c@table=\count283
\abovecaptionskip=\skip49
\belowcaptionskip=\skip50
\bibindent=\dimen150
) (c:/Users/angel/AppData/Roaming/TinyTeX/texmf-dist/tex/latex/amsmath/amsmath.sty
Package: amsmath 2026/05/19 v2.18d AMS math features
\@mathmargin=\skip51
For additional information on amsmath, use the `?' option.
(c:/Users/angel/AppData/Roaming/TinyTeX/texmf-dist/tex/latex/amsmath/amstext.sty
Package: amstext 2024/11/17 v2.01 AMS text
(c:/Users/angel/AppData/Roaming/TinyTeX/texmf-dist/tex/latex/amsmath/amsgen.sty
File: amsgen.sty 1999/11/30 v2.0 generic functions
\@emptytoks=\toks17
\ex@=\dimen151
)) (c:/Users/angel/AppData/Roaming/TinyTeX/texmf-dist/tex/latex/amsmath/amsbsy.sty
Package: amsbsy 1999/11/29 v1.2d Bold Symbols
\pmbraise@=\dimen152
) (c:/Users/angel/AppData/Roaming/TinyTeX/texmf-dist/tex/latex/amsmath/amsopn.sty
Package: amsopn 2022/04/08 v2.04 operator names
)
\inf@bad=\count284
LaTeX Info: Redefining \frac on input line 233.
\uproot@=\count285
\leftroot@=\count286
LaTeX Info: Redefining \overline on input line 398.
LaTeX Info: Redefining \colon on input line 409.
\classnum@=\count287
\DOTSCASE@=\count288
LaTeX Info: Redefining \ldots on input line 495.
LaTeX Info: Redefining \dots on input line 498.
LaTeX Info: Redefining \cdots on input line 619.
\Mathstrutbox@=\box53
\strutbox@=\box54
LaTeX Info: Redefining \big on input line 721.
LaTeX Info: Redefining \Big on input line 722.
LaTeX Info: Redefining \bigg on input line 723.
LaTeX Info: Redefining \Bigg on input line 724.
\big@size=\dimen153
LaTeX Font Info:    Redeclaring font encoding OML on input line 742.
LaTeX Font Info:    Redeclaring font encoding OMS on input line 743.
\macc@depth=\count289
LaTeX Info: Redefining \bmod on input line 904.
LaTeX Info: Redefining \pmod on input line 909.
LaTeX Info: Redefining \smash on input line 939.
LaTeX Info: Redefining \relbar on input line 969.
LaTeX Info: Redefining \Relbar on input line 970.
\c@MaxMatrixCols=\count290
\dotsspace@=\muskip17
\c@parentequation=\count291
\dspbrk@lvl=\count292
\tag@help=\toks18
\row@=\count293
\column@=\count294
\maxfields@=\count295
\andhelp@=\toks19
\eqnshift@=\dimen154
\alignsep@=\dimen155
\tagshift@=\dimen156
\tagwidth@=\dimen157
\totwidth@=\dimen158
\lineht@=\dimen159
\@envbody=\toks20
\multlinegap=\skip52
\multlinetaggap=\skip53
\mathdisplay@stack=\toks21
LaTeX Info: Redefining \[ on input line 2965.
LaTeX Info: Redefining \] on input line 2966.
) (c:/Users/angel/AppData/Roaming/TinyTeX/texmf-dist/tex/latex/amsfonts/amssymb.sty
Package: amssymb 2013/01/14 v3.01 AMS font symbols
(c:/Users/angel/AppData/Roaming/TinyTeX/texmf-dist/tex/latex/amsfonts/amsfonts.sty
Package: amsfonts 2013/01/14 v3.01 Basic AMSFonts support
\symAMSa=\mathgroup4
\symAMSb=\mathgroup5
LaTeX Font Info:    Redeclaring math symbol \hbar on input line 98.
LaTeX Font Info:    Overwriting math alphabet `\mathfrak' in version `bold'
(Font)                  U/euf/m/n --> U/euf/b/n on input line 106.
)) (c:/Users/angel/AppData/Roaming/TinyTeX/texmf-dist/tex/generic/iftex/iftex.sty
Package: iftex 2024/12/12 v1.0g TeX engine tests
) (c:/Users/angel/AppData/Roaming/TinyTeX/texmf-dist/tex/latex/base/fontenc.sty
Package: fontenc 2025/07/18 v2.1d Standard LaTeX package
) (c:/Users/angel/AppData/Roaming/TinyTeX/texmf-dist/tex/latex/base/inputenc.sty
Package: inputenc 2024/02/08 v1.3d Input encoding file
\inpenc@prehook=\toks22
\inpenc@posthook=\toks23
) (c:/Users/angel/AppData/Roaming/TinyTeX/texmf-dist/tex/latex/base/textcomp.sty
Package: textcomp 2024/04/24 v2.1b Standard LaTeX package
) (c:/Users/angel/AppData/Roaming/TinyTeX/texmf-dist/tex/latex/lm/lmodern.sty
Package: lmodern 2015/05/01 v1.6.1 Latin Modern Fonts
LaTeX Font Info:    Overwriting symbol font `operators' in version `normal'
(Font)                  OT1/cmr/m/n --> OT1/lmr/m/n on input line 22.
LaTeX Font Info:    Overwriting symbol font `letters' in version `normal'
(Font)                  OML/cmm/m/it --> OML/lmm/m/it on input line 23.
LaTeX Font Info:    Overwriting symbol font `symbols' in version `normal'
(Font)                  OMS/cmsy/m/n --> OMS/lmsy/m/n on input line 24.
LaTeX Font Info:    Overwriting symbol font `largesymbols' in version `normal'
(Font)                  OMX/cmex/m/n --> OMX/lmex/m/n on input line 25.
LaTeX Font Info:    Overwriting symbol font `operators' in version `bold'
(Font)                  OT1/cmr/bx/n --> OT1/lmr/bx/n on input line 26.
LaTeX Font Info:    Overwriting symbol font `letters' in version `bold'
(Font)                  OML/cmm/b/it --> OML/lmm/b/it on input line 27.
LaTeX Font Info:    Overwriting symbol font `symbols' in version `bold'
(Font)                  OMS/cmsy/b/n --> OMS/lmsy/b/n on input line 28.
LaTeX Font Info:    Overwriting symbol font `largesymbols' in version `bold'
(Font)                  OMX/cmex/m/n --> OMX/lmex/m/n on input line 29.
LaTeX Font Info:    Overwriting math alphabet `\mathbf' in version `normal'
(Font)                  OT1/cmr/bx/n --> OT1/lmr/bx/n on input line 31.
LaTeX Font Info:    Overwriting math alphabet `\mathsf' in version `normal'
(Font)                  OT1/cmss/m/n --> OT1/lmss/m/n on input line 32.
LaTeX Font Info:    Overwriting math alphabet `\mathit' in version `normal'
(Font)                  OT1/cmr/m/it --> OT1/lmr/m/it on input line 33.
LaTeX Font Info:    Overwriting math alphabet `\mathtt' in version `normal'
(Font)                  OT1/cmtt/m/n --> OT1/lmtt/m/n on input line 34.
LaTeX Font Info:    Overwriting math alphabet `\mathbf' in version `bold'
(Font)                  OT1/cmr/bx/n --> OT1/lmr/bx/n on input line 35.
LaTeX Font Info:    Overwriting math alphabet `\mathsf' in version `bold'
(Font)                  OT1/cmss/bx/n --> OT1/lmss/bx/n on input line 36.
LaTeX Font Info:    Overwriting math alphabet `\mathit' in version `bold'
(Font)                  OT1/cmr/bx/it --> OT1/lmr/bx/it on input line 37.
LaTeX Font Info:    Overwriting math alphabet `\mathtt' in version `bold'
(Font)                  OT1/cmtt/m/n --> OT1/lmtt/m/n on input line 38.
) (c:/Users/angel/AppData/Roaming/TinyTeX/texmf-dist/tex/latex/xcolor/xcolor.sty
Package: xcolor 2024/09/29 v3.02 LaTeX color extensions (UK)
(c:/Users/angel/AppData/Roaming/TinyTeX/texmf-dist/tex/latex/graphics-cfg/color.cfg
File: color.cfg 2016/01/02 v1.6 sample color configuration
)
Package xcolor Info: Driver file: pdftex.def on input line 274.
(c:/Users/angel/AppData/Roaming/TinyTeX/texmf-dist/tex/latex/graphics-def/pdftex.def
File: pdftex.def 2025/09/29 v1.2d Graphics/color driver for pdftex
) (c:/Users/angel/AppData/Roaming/TinyTeX/texmf-dist/tex/latex/graphics/mathcolor.ltx)
Package xcolor Info: Model `cmy' substituted by `cmy0' on input line 1349.
Package xcolor Info: Model `hsb' substituted by `rgb' on input line 1353.
Package xcolor Info: Model `RGB' extended on input line 1365.
Package xcolor Info: Model `HTML' substituted by `rgb' on input line 1367.
Package xcolor Info: Model `Hsb' substituted by `hsb' on input line 1368.
Package xcolor Info: Model `tHsb' substituted by `hsb' on input line 1369.
Package xcolor Info: Model `HSB' substituted by `hsb' on input line 1370.
Package xcolor Info: Model `Gray' substituted by `gray' on input line 1371.
Package xcolor Info: Model `wave' substituted by `hsb' on input line 1372.
) (c:/Users/angel/AppData/Roaming/TinyTeX/texmf-dist/tex/latex/geometry/geometry.sty
Package: geometry 2026/03/07 v6.0 Page Geometry
(c:/Users/angel/AppData/Roaming/TinyTeX/texmf-dist/tex/latex/graphics/keyval.sty
Package: keyval 2026-05-17 v1.15 key=value parser (DPC)
\KV@toks@=\toks24
) (c:/Users/angel/AppData/Roaming/TinyTeX/texmf-dist/tex/generic/iftex/ifvtex.sty
Package: ifvtex 2019/10/25 v1.7 ifvtex legacy package. Use iftex instead.
)
\Gm@cnth=\count296
\Gm@cntv=\count297
\c@Gm@tempcnt=\count298
\Gm@bindingoffset=\dimen160
\Gm@wd@mp=\dimen161
\Gm@odd@mp=\dimen162
\Gm@even@mp=\dimen163
\Gm@layoutwidth=\dimen164
\Gm@layoutheight=\dimen165
\Gm@layouthoffset=\dimen166
\Gm@layoutvoffset=\dimen167
\Gm@dimlist=\toks25
) (c:/Users/angel/AppData/Roaming/TinyTeX/texmf-dist/tex/latex/fancyvrb/fancyvrb.sty
Package: fancyvrb 2026/04/16 4.6a verbatim text (tvz,hv)
\FV@CodeLineNo=\count299
\FV@InFile=\read2
\FV@TabBox=\box55
\c@FancyVerbLine=\count300
\FV@StepNumber=\count301
\FV@OutFile=\write3
) (c:/Users/angel/AppData/Roaming/TinyTeX/texmf-dist/tex/latex/framed/framed.sty
Package: framed 2011/10/22 v 0.96: framed or shaded text with page breaks
\OuterFrameSep=\skip54
\fb@frw=\dimen168
\fb@frh=\dimen169
\FrameRule=\dimen170
\FrameSep=\dimen171
) (c:/Users/angel/AppData/Roaming/TinyTeX/texmf-dist/tex/latex/tools/longtable.sty
Package: longtable 2026-01-28 v4.27 Multi-page Table package (DPC)
\LTleft=\skip55
\LTright=\skip56
\LTpre=\skip57
\LTpost=\skip58
\LTchunksize=\count302
\LTcapwidth=\dimen172
\LT@head=\box56
\LT@firsthead=\box57
\LT@foot=\box58
\LT@lastfoot=\box59
\LT@gbox=\box60
\LT@cols=\count303
\LT@rows=\count304
\c@LT@tables=\count305
\c@LT@chunks=\count306
\LT@p@ftn=\toks26
) (c:/Users/angel/AppData/Roaming/TinyTeX/texmf-dist/tex/latex/booktabs/booktabs.sty
Package: booktabs 2020/01/12 v1.61803398 Publication quality tables
\heavyrulewidth=\dimen173
\lightrulewidth=\dimen174
\cmidrulewidth=\dimen175
\belowrulesep=\dimen176
\belowbottomsep=\dimen177
\aboverulesep=\dimen178
\abovetopsep=\dimen179
\cmidrulesep=\dimen180
\cmidrulekern=\dimen181
\defaultaddspace=\dimen182
\@cmidla=\count307
\@cmidlb=\count308
\@aboverulesep=\dimen183
\@belowrulesep=\dimen184
\@thisruleclass=\count309
\@lastruleclass=\count310
\@thisrulewidth=\dimen185
) (c:/Users/angel/AppData/Roaming/TinyTeX/texmf-dist/tex/latex/tools/array.sty
Package: array 2026/02/24 v2.7b Tabular extension package (FMi)
\col@sep=\dimen186
\ar@mcellbox=\box61
\extrarowheight=\dimen187
\NC@list=\toks27
\extratabsurround=\skip59
\backup@length=\skip60
\ar@cellbox=\box62
) (c:/Users/angel/AppData/Roaming/TinyTeX/texmf-dist/tex/latex/tools/calc.sty
Package: calc 2025/03/01 v4.3b Infix arithmetic (KKT,FJ)
\calc@Acount=\count311
\calc@Bcount=\count312
\calc@Adimen=\dimen188
\calc@Bdimen=\dimen189
\calc@Askip=\skip61
\calc@Bskip=\skip62
LaTeX Info: Redefining \setlength on input line 86.
LaTeX Info: Redefining \addtolength on input line 87.
\calc@Ccount=\count313
\calc@Cskip=\skip63
) (c:/Users/angel/AppData/Roaming/TinyTeX/texmf-dist/tex/latex/etoolbox/etoolbox.sty
Package: etoolbox 2025/10/02 v2.5m e-TeX tools for LaTeX (JAW)
\etb@tempcnta=\count314
) (c:/Users/angel/AppData/Roaming/TinyTeX/texmf-dist/tex/latex/mdwtools/footnote.sty
Package: footnote 1997/01/28 1.13 Save footnotes around boxes
\fn@notes=\box63
\fn@width=\dimen190
) (c:/Users/angel/AppData/Roaming/TinyTeX/texmf-dist/tex/latex/graphics/graphicx.sty
Package: graphicx 2026-05-17 v1.2e Enhanced LaTeX Graphics (DPC,SPQR)
(c:/Users/angel/AppData/Roaming/TinyTeX/texmf-dist/tex/latex/graphics/graphics.sty
Package: graphics 2026-05-17 v1.4h Standard LaTeX Graphics (DPC,SPQR)
(c:/Users/angel/AppData/Roaming/TinyTeX/texmf-dist/tex/latex/graphics/trig.sty
Package: trig 2023/12/02 v1.11 sin cos tan (DPC)
) (c:/Users/angel/AppData/Roaming/TinyTeX/texmf-dist/tex/latex/graphics-cfg/graphics.cfg
File: graphics.cfg 2016/06/04 v1.11 sample graphics configuration
)
Package graphics Info: Driver file: pdftex.def on input line 106.
)
\Gin@req@height=\dimen191
\Gin@req@width=\dimen192
) (c:/Users/angel/AppData/Roaming/TinyTeX/texmf-dist/tex/latex/bookmark/bookmark.sty
Package: bookmark 2026-05-21 v1.32 PDF bookmarks (HO)
(c:/Users/angel/AppData/Roaming/TinyTeX/texmf-dist/tex/latex/hyperref/hyperref.sty
Package: hyperref 2026-06-17 v7.01r Hypertext links for LaTeX
(c:/Users/angel/AppData/Roaming/TinyTeX/texmf-dist/tex/latex/kvsetkeys/kvsetkeys.sty
Package: kvsetkeys 2022-10-05 v1.19 Key value parser (HO)
) (c:/Users/angel/AppData/Roaming/TinyTeX/texmf-dist/tex/generic/kvdefinekeys/kvdefinekeys.sty
Package: kvdefinekeys 2019-12-19 v1.6 Define keys (HO)
) (c:/Users/angel/AppData/Roaming/TinyTeX/texmf-dist/tex/generic/pdfescape/pdfescape.sty
Package: pdfescape 2019/12/09 v1.15 Implements pdfTeX's escape features (HO)
(c:/Users/angel/AppData/Roaming/TinyTeX/texmf-dist/tex/generic/ltxcmds/ltxcmds.sty
Package: ltxcmds 2023-12-04 v1.26 LaTeX kernel commands for general use (HO)
) (c:/Users/angel/AppData/Roaming/TinyTeX/texmf-dist/tex/generic/pdftexcmds/pdftexcmds.sty
Package: pdftexcmds 2020-06-27 v0.33 Utility functions of pdfTeX for LuaTeX (HO)
(c:/Users/angel/AppData/Roaming/TinyTeX/texmf-dist/tex/generic/infwarerr/infwarerr.sty
Package: infwarerr 2019/12/03 v1.5 Providing info/warning/error messages (HO)
)
Package pdftexcmds Info: \pdf@primitive is available.
Package pdftexcmds Info: \pdf@ifprimitive is available.
Package pdftexcmds Info: \pdfdraftmode found.
)) (c:/Users/angel/AppData/Roaming/TinyTeX/texmf-dist/tex/latex/hycolor/hycolor.sty
Package: hycolor 2020-01-27 v1.10 Color options for hyperref/bookmark (HO)
) (c:/Users/angel/AppData/Roaming/TinyTeX/texmf-dist/tex/latex/hyperref/nameref.sty
Package: nameref 2026-01-29 v2.58 Cross-referencing by name of section
(c:/Users/angel/AppData/Roaming/TinyTeX/texmf-dist/tex/latex/refcount/refcount.sty
Package: refcount 2019/12/15 v3.6 Data extraction from label references (HO)
) (c:/Users/angel/AppData/Roaming/TinyTeX/texmf-dist/tex/generic/gettitlestring/gettitlestring.sty
Package: gettitlestring 2019/12/15 v1.6 Cleanup title references (HO)
(c:/Users/angel/AppData/Roaming/TinyTeX/texmf-dist/tex/latex/kvoptions/kvoptions.sty
Package: kvoptions 2022-06-15 v3.15 Key value format for package options (HO)
))
\c@section@level=\count315
) (c:/Users/angel/AppData/Roaming/TinyTeX/texmf-dist/tex/generic/stringenc/stringenc.sty
Package: stringenc 2019/11/29 v1.12 Convert strings between diff. encodings (HO)
)
\@linkdim=\dimen193
\Hy@linkcounter=\count316
\Hy@pagecounter=\count317
(c:/Users/angel/AppData/Roaming/TinyTeX/texmf-dist/tex/latex/hyperref/pd1enc.def
File: pd1enc.def 2026-06-17 v7.01r Hyperref: PDFDocEncoding definition (HO)
Now handling font encoding PD1 ...
... no UTF-8 mapping file for font encoding PD1
) (c:/Users/angel/AppData/Roaming/TinyTeX/texmf-dist/tex/generic/intcalc/intcalc.sty
Package: intcalc 2019/12/15 v1.3 Expandable calculations with integers (HO)
)
\Hy@SavedSpaceFactor=\count318
(c:/Users/angel/AppData/Roaming/TinyTeX/texmf-dist/tex/latex/hyperref/puenc.def
File: puenc.def 2026-06-17 v7.01r Hyperref: PDF Unicode definition (HO)
Now handling font encoding PU ...
... no UTF-8 mapping file for font encoding PU
)
Package hyperref Info: Option `unicode' set `true' on input line 4070.
Package hyperref Info: Hyper figures OFF on input line 4199.
Package hyperref Info: Link nesting OFF on input line 4204.
Package hyperref Info: Hyper index ON on input line 4207.
Package hyperref Info: Plain pages OFF on input line 4214.
Package hyperref Info: Backreferencing OFF on input line 4219.
Package hyperref Info: Implicit mode ON; LaTeX internals redefined.
Package hyperref Info: Bookmarks ON on input line 4466.
\c@Hy@tempcnt=\count319
(c:/Users/angel/AppData/Roaming/TinyTeX/texmf-dist/tex/latex/url/url.sty
\Urlmuskip=\muskip18
Package: url 2013/09/16  ver 3.4  Verb mode for urls, etc.
)
LaTeX Info: Redefining \url on input line 4805.
\XeTeXLinkMargin=\dimen194
(c:/Users/angel/AppData/Roaming/TinyTeX/texmf-dist/tex/generic/bitset/bitset.sty
Package: bitset 2019/12/09 v1.3 Handle bit-vector datatype (HO)
(c:/Users/angel/AppData/Roaming/TinyTeX/texmf-dist/tex/generic/bigintcalc/bigintcalc.sty
Package: bigintcalc 2019/12/15 v1.5 Expandable calculations on big integers (HO)
))
\Fld@menulength=\count320
\Field@Width=\dimen195
\Fld@charsize=\dimen196
Package hyperref Info: Hyper figures OFF on input line 6091.
Package hyperref Info: Link nesting OFF on input line 6096.
Package hyperref Info: Hyper index ON on input line 6099.
Package hyperref Info: backreferencing OFF on input line 6106.
Package hyperref Info: Link coloring OFF on input line 6111.
Package hyperref Info: Link coloring with OCG OFF on input line 6116.
Package hyperref Info: PDF/A mode OFF on input line 6121.
\Hy@abspage=\count321
\c@Item=\count322
\c@Hfootnote=\count323
)
Package hyperref Info: Driver (autodetected): hpdftex.
(c:/Users/angel/AppData/Roaming/TinyTeX/texmf-dist/tex/latex/hyperref/hpdftex.def
File: hpdftex.def 2026-06-17 v7.01r Hyperref driver for pdfTeX
\Fld@listcount=\count324
\c@bookmark@seq@number=\count325
(c:/Users/angel/AppData/Roaming/TinyTeX/texmf-dist/tex/latex/rerunfilecheck/rerunfilecheck.sty
Package: rerunfilecheck 2025-06-21 v1.11 Rerun checks for auxiliary files (HO)
(c:/Users/angel/AppData/Roaming/TinyTeX/texmf-dist/tex/generic/uniquecounter/uniquecounter.sty
Package: uniquecounter 2019/12/15 v1.4 Provide unlimited unique counter (HO)
)
Package uniquecounter Info: New unique counter `rerunfilecheck' on input line 284.
)
\Hy@SectionHShift=\skip64
) (c:/Users/angel/AppData/Roaming/TinyTeX/texmf-dist/tex/latex/l3backend/l3backend-pdftex.def
File: l3backend-pdftex.def 2026-02-18 L3 backend support: PDF output (pdfTeX)
\l__color_backend_stack_int=\count326
) (c:/Users/angel/AppData/Roaming/TinyTeX/texmf-dist/tex/latex/bookmark/bkm-pdftex.def
File: bkm-pdftex.def 2026-05-21 v1.32 bookmark driver for pdfTeX (HO)
\BKM@id=\count327
))
LaTeX Font Info:    Trying to load font information for T1+lmr on input line 123.
(c:/Users/angel/AppData/Roaming/TinyTeX/texmf-dist/tex/latex/lm/t1lmr.fd
File: t1lmr.fd 2015/05/01 v1.6.1 Font defs for Latin Modern
)
No file Proyecto_9_EDA.aux.
\openout1 = `Proyecto_9_EDA.aux'.

LaTeX Font Info:    Checking defaults for OML/cmm/m/it on input line 123.
LaTeX Font Info:    ... okay on input line 123.
LaTeX Font Info:    Checking defaults for OMS/cmsy/m/n on input line 123.
LaTeX Font Info:    ... okay on input line 123.
LaTeX Font Info:    Checking defaults for OT1/cmr/m/n on input line 123.
LaTeX Font Info:    ... okay on input line 123.
LaTeX Font Info:    Checking defaults for T1/cmr/m/n on input line 123.
LaTeX Font Info:    ... okay on input line 123.
LaTeX Font Info:    Checking defaults for TS1/cmr/m/n on input line 123.
LaTeX Font Info:    ... okay on input line 123.
LaTeX Font Info:    Checking defaults for OMX/cmex/m/n on input line 123.
LaTeX Font Info:    ... okay on input line 123.
LaTeX Font Info:    Checking defaults for U/cmr/m/n on input line 123.
LaTeX Font Info:    ... okay on input line 123.
LaTeX Font Info:    Checking defaults for PD1/pdf/m/n on input line 123.
LaTeX Font Info:    ... okay on input line 123.
LaTeX Font Info:    Checking defaults for PU/pdf/m/n on input line 123.
LaTeX Font Info:    ... okay on input line 123.
(c:/Users/angel/AppData/Roaming/TinyTeX/texmf-dist/tex/latex/epstopdf-pkg/epstopdf-base.sty
Package: epstopdf-base 2020-01-24 v2.11 Base part for package epstopdf
Package epstopdf-base Info: Redefining graphics rule for `.eps' on input line 485.
(c:/Users/angel/AppData/Roaming/TinyTeX/texmf-dist/tex/latex/latexconfig/epstopdf-sys.cfg
File: epstopdf-sys.cfg 2010/07/13 v1.3 Configuration of (r)epstopdf for TeX Live
))
*geometry* driver: auto-detecting
*geometry* detected driver: pdftex
*geometry* verbose mode - [ preamble ] result:
* driver: pdftex
* paper: <default>
* layout: <same size as paper>
* layoutoffset:(h,v)=(0.0pt,0.0pt)
* modes: 
* h-part:(L,W,R)=(72.26999pt, 469.75502pt, 72.26999pt)
* v-part:(T,H,B)=(72.26999pt, 650.43001pt, 72.26999pt)
* \paperwidth=614.295pt
* \paperheight=794.96999pt
* \textwidth=469.75502pt
* \textheight=650.43001pt
* \oddsidemargin=0.0pt
* \evensidemargin=0.0pt
* \topmargin=-37.0pt
* \headheight=12.0pt
* \headsep=25.0pt
* \topskip=10.0pt
* \footskip=30.0pt
* \marginparwidth=65.0pt
* \marginparsep=11.0pt
* \columnsep=10.0pt
* \skip\footins=9.0pt plus 4.0pt minus 2.0pt
* \hoffset=0.0pt
* \voffset=0.0pt
* \mag=1000
* \@twocolumnfalse
* \@twosidefalse
* \@mparswitchfalse
* \@reversemarginfalse
* (1in=72.27pt=25.4mm, 1cm=28.453pt)

Package hyperref Info: Link coloring OFF on input line 123.
No file Proyecto_9_EDA.toc.
\tf@toc=\write4
\openout4 = `Proyecto_9_EDA.toc'.

LaTeX Font Info:    Trying to load font information for T1+lmtt on input line 153.
(c:/Users/angel/AppData/Roaming/TinyTeX/texmf-dist/tex/latex/lm/t1lmtt.fd
File: t1lmtt.fd 2015/05/01 v1.6.1 Font defs for Latin Modern
)
LaTeX Font Info:    Trying to load font information for TS1+lmr on input line 196.
(c:/Users/angel/AppData/Roaming/TinyTeX/texmf-dist/tex/latex/lm/ts1lmr.fd
File: ts1lmr.fd 2015/05/01 v1.6.1 Font defs for Latin Modern
) [1

{c:/Users/angel/AppData/Roaming/TinyTeX/texmf-var/fonts/map/pdftex/updmap/pdftex.map}{c:/Users/angel/AppData/Roaming/TinyTeX/texmf-dist/fonts/enc/dvips/lm/lm-ec.enc}]
Underfull \hbox (badness 2512) in paragraph at lines 231--235
[]\T1/lmr/bx/n/10 cmdCode con-tenga 2 dígi-tos:\T1/lmr/m/n/10 : se con-ser-varon úni-ca-mente códi-gos HS de dos dígi-tos
 []


Underfull \hbox (badness 10000) in paragraph at lines 231--235

 []

[2{c:/Users/angel/AppData/Roaming/TinyTeX/texmf-dist/fonts/enc/dvips/lm/lm-ts1.enc}]
<Proyecto_9_EDA_files/Proyecto_9_EDA_files/figure-latex/unnamed-chunk-2-1.pdf, id=30, 469.755pt x 325.215pt>
File: Proyecto_9_EDA_files/Proyecto_9_EDA_files/figure-latex/unnamed-chunk-2-1.pdf Graphic file (type pdf)
<use Proyecto_9_EDA_files/Proyecto_9_EDA_files/figure-latex/unnamed-chunk-2-1.pdf>
Package pdftex.def Info: Proyecto_9_EDA_files/Proyecto_9_EDA_files/figure-latex/unnamed-chunk-2-1.pdf  used on input line 349.
(pdftex.def)             Requested size: 469.75386pt x 325.2142pt.
[3] [4 <./Proyecto_9_EDA_files/Proyecto_9_EDA_files/figure-latex/unnamed-chunk-2-1.pdf>]
<Proyecto_9_EDA_files/Proyecto_9_EDA_files/figure-latex/unnamed-chunk-5-1.pdf, id=46, 469.755pt x 325.215pt>
File: Proyecto_9_EDA_files/Proyecto_9_EDA_files/figure-latex/unnamed-chunk-5-1.pdf Graphic file (type pdf)
<use Proyecto_9_EDA_files/Proyecto_9_EDA_files/figure-latex/unnamed-chunk-5-1.pdf>
Package pdftex.def Info: Proyecto_9_EDA_files/Proyecto_9_EDA_files/figure-latex/unnamed-chunk-5-1.pdf  used on input line 414.
(pdftex.def)             Requested size: 469.75386pt x 325.2142pt.
<Proyecto_9_EDA_files/Proyecto_9_EDA_files/figure-latex/unnamed-chunk-5-2.pdf, id=47, 469.755pt x 325.215pt>
File: Proyecto_9_EDA_files/Proyecto_9_EDA_files/figure-latex/unnamed-chunk-5-2.pdf Graphic file (type pdf)
<use Proyecto_9_EDA_files/Proyecto_9_EDA_files/figure-latex/unnamed-chunk-5-2.pdf>
Package pdftex.def Info: Proyecto_9_EDA_files/Proyecto_9_EDA_files/figure-latex/unnamed-chunk-5-2.pdf  used on input line 415.
(pdftex.def)             Requested size: 469.75386pt x 325.2142pt.

Overfull \hbox (88.82744pt too wide) in paragraph at lines 413--416
[]\T1/lmr/m/it/10 IMPORTACIONES []
 []

[5 <./Proyecto_9_EDA_files/Proyecto_9_EDA_files/figure-latex/unnamed-chunk-5-1.pdf>]
<Proyecto_9_EDA_files/Proyecto_9_EDA_files/figure-latex/unnamed-chunk-6-1.pdf, id=58, 469.755pt x 325.215pt>
File: Proyecto_9_EDA_files/Proyecto_9_EDA_files/figure-latex/unnamed-chunk-6-1.pdf Graphic file (type pdf)
<use Proyecto_9_EDA_files/Proyecto_9_EDA_files/figure-latex/unnamed-chunk-6-1.pdf>
Package pdftex.def Info: Proyecto_9_EDA_files/Proyecto_9_EDA_files/figure-latex/unnamed-chunk-6-1.pdf  used on input line 440.
(pdftex.def)             Requested size: 469.75386pt x 325.2142pt.
<Proyecto_9_EDA_files/Proyecto_9_EDA_files/figure-latex/unnamed-chunk-6-2.pdf, id=59, 469.755pt x 325.215pt>
File: Proyecto_9_EDA_files/Proyecto_9_EDA_files/figure-latex/unnamed-chunk-6-2.pdf Graphic file (type pdf)
<use Proyecto_9_EDA_files/Proyecto_9_EDA_files/figure-latex/unnamed-chunk-6-2.pdf>
Package pdftex.def Info: Proyecto_9_EDA_files/Proyecto_9_EDA_files/figure-latex/unnamed-chunk-6-2.pdf  used on input line 441.
(pdftex.def)             Requested size: 469.75386pt x 325.2142pt.

Overfull \hbox (90.22194pt too wide) in paragraph at lines 439--442
[]\T1/lmr/m/it/10 EXPORTACIONES []
 []

[6 <./Proyecto_9_EDA_files/Proyecto_9_EDA_files/figure-latex/unnamed-chunk-5-2.pdf>] [7 <./Proyecto_9_EDA_files/Proyecto_9_EDA_files/figure-latex/unnamed-chunk-6-1.pdf>]
LaTeX Font Info:    Trying to load font information for OT1+lmr on input line 459.
(c:/Users/angel/AppData/Roaming/TinyTeX/texmf-dist/tex/latex/lm/ot1lmr.fd
File: ot1lmr.fd 2015/05/01 v1.6.1 Font defs for Latin Modern
)
LaTeX Font Info:    Trying to load font information for OML+lmm on input line 459.
(c:/Users/angel/AppData/Roaming/TinyTeX/texmf-dist/tex/latex/lm/omllmm.fd
File: omllmm.fd 2015/05/01 v1.6.1 Font defs for Latin Modern
)
LaTeX Font Info:    Trying to load font information for OMS+lmsy on input line 459.
(c:/Users/angel/AppData/Roaming/TinyTeX/texmf-dist/tex/latex/lm/omslmsy.fd
File: omslmsy.fd 2015/05/01 v1.6.1 Font defs for Latin Modern
)
LaTeX Font Info:    Trying to load font information for OMX+lmex on input line 459.
(c:/Users/angel/AppData/Roaming/TinyTeX/texmf-dist/tex/latex/lm/omxlmex.fd
File: omxlmex.fd 2015/05/01 v1.6.1 Font defs for Latin Modern
)
LaTeX Font Info:    External font `lmex10' loaded for size
(Font)              <10> on input line 459.
LaTeX Font Info:    External font `lmex10' loaded for size
(Font)              <7> on input line 459.
LaTeX Font Info:    External font `lmex10' loaded for size
(Font)              <5> on input line 459.
LaTeX Font Info:    Trying to load font information for U+msa on input line 459.
(c:/Users/angel/AppData/Roaming/TinyTeX/texmf-dist/tex/latex/amsfonts/umsa.fd
File: umsa.fd 2013/01/14 v3.01 AMS symbols A
)
LaTeX Font Info:    Trying to load font information for U+msb on input line 459.
(c:/Users/angel/AppData/Roaming/TinyTeX/texmf-dist/tex/latex/amsfonts/umsb.fd
File: umsb.fd 2013/01/14 v3.01 AMS symbols B
) [8{c:/Users/angel/AppData/Roaming/TinyTeX/texmf-dist/fonts/enc/dvips/lm/lm-mathit.enc}{c:/Users/angel/AppData/Roaming/TinyTeX/texmf-dist/fonts/enc/dvips/lm/lm-rm.enc}{c:/Users/angel/AppData/Roaming/TinyTeX/texmf-dist/fonts/enc/dvips/lm/lm-mathex.enc} <./Proyecto_9_EDA_files/Proyecto_9_EDA_files/figure-latex/unnamed-chunk-6-2.pdf>]
Overfull \hbox (9.9409pt too wide) in paragraph at lines 507--508
[]\T1/lmr/m/n/10 HS2  
 []


Overfull \hbox (6.44214pt too wide) in paragraph at lines 515--516
 []\T1/lmr/m/n/10 HHI
 []


Overfull \hbox (3.23276pt too wide) in paragraph at lines 519--520
[]\T1/lmr/m/n/10 Proveedor 
 []


Overfull \hbox (9.9409pt too wide) in paragraph at lines 525--526
[]\T1/lmr/m/n/10 HS2  
 []


Overfull \hbox (6.44214pt too wide) in paragraph at lines 533--534
 []\T1/lmr/m/n/10 HHI
 []


Overfull \hbox (3.23276pt too wide) in paragraph at lines 537--538
[]\T1/lmr/m/n/10 Proveedor 
 []


Overfull \hbox (1.8854pt too wide) in paragraph at lines 543--543
[]|\T1/lmr/m/n/10 67|  
 []


Overfull \hbox (10.6089pt too wide) in paragraph at lines 544--544
 []|\T1/lmr/m/n/10 0.917|
 []


Overfull \hbox (1.8854pt too wide) in paragraph at lines 546--546
[]|\T1/lmr/m/n/10 27|  
 []


Overfull \hbox (7.15746pt too wide) in paragraph at lines 547--547
 []|\T1/lmr/m/n/10 36,996.2|
 []


Overfull \hbox (10.6089pt too wide) in paragraph at lines 547--547
 []|\T1/lmr/m/n/10 0.870|
 []


Overfull \hbox (1.8854pt too wide) in paragraph at lines 549--549
[]|\T1/lmr/m/n/10 10|  
 []


Overfull \hbox (2.15746pt too wide) in paragraph at lines 549--549
 []|\T1/lmr/m/n/10 8,179.9|
 []


Overfull \hbox (10.6089pt too wide) in paragraph at lines 549--549
 []|\T1/lmr/m/n/10 0.805|
 []


Overfull \hbox (1.8854pt too wide) in paragraph at lines 550--550
[]|\T1/lmr/m/n/10 66|  
 []


Overfull \hbox (10.6089pt too wide) in paragraph at lines 551--551
 []|\T1/lmr/m/n/10 0.743|
 []


Overfull \hbox (1.8854pt too wide) in paragraph at lines 552--552
[]|\T1/lmr/m/n/10 23|  
 []


Overfull \hbox (2.15746pt too wide) in paragraph at lines 553--553
 []|\T1/lmr/m/n/10 2,400.1|
 []


Overfull \hbox (10.6089pt too wide) in paragraph at lines 553--553
 []|\T1/lmr/m/n/10 0.741|
 []


Overfull \hbox (1.8854pt too wide) in paragraph at lines 554--554
[]|\T1/lmr/m/n/10 04|  
 []


Overfull \hbox (2.15746pt too wide) in paragraph at lines 555--555
 []|\T1/lmr/m/n/10 3,149.4|
 []


Overfull \hbox (10.6089pt too wide) in paragraph at lines 556--556
 []|\T1/lmr/m/n/10 0.678|
 []


Overfull \hbox (1.8854pt too wide) in paragraph at lines 557--557
[]|\T1/lmr/m/n/10 17|  
 []


Overfull \hbox (2.15746pt too wide) in paragraph at lines 557--557
 []|\T1/lmr/m/n/10 1,333.0|
 []


Overfull \hbox (10.6089pt too wide) in paragraph at lines 557--557
 []|\T1/lmr/m/n/10 0.666|
 []


Overfull \hbox (1.8854pt too wide) in paragraph at lines 559--559
[]|\T1/lmr/m/n/10 50|  
 []


Overfull \hbox (10.6089pt too wide) in paragraph at lines 559--559
 []|\T1/lmr/m/n/10 0.606|
 []


Overfull \hbox (1.8854pt too wide) in paragraph at lines 560--560
[]|\T1/lmr/m/n/10 05|  
 []


Overfull \hbox (10.6089pt too wide) in paragraph at lines 561--561
 []|\T1/lmr/m/n/10 0.570|
 []


Overfull \hbox (1.8854pt too wide) in paragraph at lines 562--562
[]|\T1/lmr/m/n/10 21|  
 []


Overfull \hbox (2.15746pt too wide) in paragraph at lines 562--562
 []|\T1/lmr/m/n/10 2,694.6|
 []


Overfull \hbox (10.6089pt too wide) in paragraph at lines 562--562
 []|\T1/lmr/m/n/10 0.564|
 []

LaTeX Font Info:    Font shape `T1/lmtt/bx/n' in size <10> not available
(Font)              Font shape `T1/lmtt/b/n' tried instead on input line 573.

Overfull \hbox (12.6842pt too wide) in paragraph at lines 609--610
[]\T1/lmr/m/n/10 HS2  
 []


Overfull \hbox (4.54639pt too wide) in paragraph at lines 613--614
 []\T1/lmr/m/n/10 Valor
 []


Overfull \hbox (5.76881pt too wide) in paragraph at lines 613--614
 \T1/lmr/m/n/10 USD)
 []


Overfull \hbox (3.99811pt too wide) in paragraph at lines 615--616
 []\T1/lmr/m/n/10 Núm.
 []


Overfull \hbox (10.53888pt too wide) in paragraph at lines 617--618
 []\T1/lmr/m/n/10 HHI
 []


Overfull \hbox (11.54765pt too wide) in paragraph at lines 619--620
 []\T1/lmr/m/n/10 Proveedor
 []


Overfull \hbox (16.91895pt too wide) in paragraph at lines 621--622
[]\T1/lmr/m/n/10 Proveedor 
 []


Overfull \hbox (12.6842pt too wide) in paragraph at lines 627--628
[]\T1/lmr/m/n/10 HS2  
 []


Overfull \hbox (4.54639pt too wide) in paragraph at lines 631--632
 []\T1/lmr/m/n/10 Valor
 []


Overfull \hbox (5.76881pt too wide) in paragraph at lines 631--632
 \T1/lmr/m/n/10 USD)
 []


Overfull \hbox (3.99811pt too wide) in paragraph at lines 633--634
 []\T1/lmr/m/n/10 Núm.
 []


Overfull \hbox (10.53888pt too wide) in paragraph at lines 635--636
 []\T1/lmr/m/n/10 HHI
 []


Overfull \hbox (11.54765pt too wide) in paragraph at lines 637--638
 []\T1/lmr/m/n/10 Proveedor
 []


Overfull \hbox (16.91895pt too wide) in paragraph at lines 639--640
[]\T1/lmr/m/n/10 Proveedor 
 []


Overfull \hbox (4.62871pt too wide) in paragraph at lines 645--645
[]|\T1/lmr/m/n/10 23|  
 []


Overfull \hbox (11.74081pt too wide) in paragraph at lines 646--646
 []|\T1/lmr/m/n/10 1,623.3|
 []


Overfull \hbox (14.70564pt too wide) in paragraph at lines 646--646
 []|\T1/lmr/m/n/10 0.870|
 []


Overfull \hbox (4.62871pt too wide) in paragraph at lines 647--647
[]|\T1/lmr/m/n/10 66|  
 []


Overfull \hbox (14.70564pt too wide) in paragraph at lines 648--648
 []|\T1/lmr/m/n/10 0.808|
 []


Overfull \hbox (4.62871pt too wide) in paragraph at lines 649--649
[]|\T1/lmr/m/n/10 17|  
 []


Overfull \hbox (3.96306pt too wide) in paragraph at lines 649--649
 []|\T1/lmr/m/n/10 807.0|
 []


Overfull \hbox (14.70564pt too wide) in paragraph at lines 649--649
 []|\T1/lmr/m/n/10 0.790|
 []


Overfull \hbox (4.62871pt too wide) in paragraph at lines 650--650
[]|\T1/lmr/m/n/10 05|  
 []


Overfull \hbox (3.96306pt too wide) in paragraph at lines 651--651
 []|\T1/lmr/m/n/10 274.1|
 []


Overfull \hbox (14.70564pt too wide) in paragraph at lines 651--651
 []|\T1/lmr/m/n/10 0.763|
 []


Overfull \hbox (4.62871pt too wide) in paragraph at lines 652--652
[]|\T1/lmr/m/n/10 10|  
 []


Overfull \hbox (11.74081pt too wide) in paragraph at lines 652--652
 []|\T1/lmr/m/n/10 4,005.4|
 []


Overfull \hbox (14.70564pt too wide) in paragraph at lines 652--652
 []|\T1/lmr/m/n/10 0.758|
 []


Overfull \hbox (4.62871pt too wide) in paragraph at lines 653--653
[]|\T1/lmr/m/n/10 27|  
 []


Overfull \hbox (16.74081pt too wide) in paragraph at lines 654--654
 []|\T1/lmr/m/n/10 26,455.5|
 []


Overfull \hbox (14.70564pt too wide) in paragraph at lines 654--654
 []|\T1/lmr/m/n/10 0.715|
 []


Overfull \hbox (4.62871pt too wide) in paragraph at lines 656--656
[]|\T1/lmr/m/n/10 67|  
 []


Overfull \hbox (14.70564pt too wide) in paragraph at lines 657--657
 []|\T1/lmr/m/n/10 0.695|
 []


Overfull \hbox (4.62871pt too wide) in paragraph at lines 659--659
[]|\T1/lmr/m/n/10 21|  
 []


Overfull \hbox (11.74081pt too wide) in paragraph at lines 659--659
 []|\T1/lmr/m/n/10 1,324.1|
 []


Overfull \hbox (14.70564pt too wide) in paragraph at lines 659--659
 []|\T1/lmr/m/n/10 0.693|
 []


Overfull \hbox (4.62871pt too wide) in paragraph at lines 661--661
[]|\T1/lmr/m/n/10 86|  
 []


Overfull \hbox (11.74081pt too wide) in paragraph at lines 664--664
 []|\T1/lmr/m/n/10 1,464.8|
 []


Overfull \hbox (14.70564pt too wide) in paragraph at lines 664--664
 []|\T1/lmr/m/n/10 0.692|
 []


Overfull \hbox (4.62871pt too wide) in paragraph at lines 665--665
[]|\T1/lmr/m/n/10 02|  
 []


Overfull \hbox (11.74081pt too wide) in paragraph at lines 665--665
 []|\T1/lmr/m/n/10 3,820.5|
 []


Overfull \hbox (14.70564pt too wide) in paragraph at lines 665--665
 []|\T1/lmr/m/n/10 0.691|
 []

[9]
Overfull \hbox (11.58061pt too wide) in paragraph at lines 711--712
[]\T1/lmr/m/n/10 HS2  
 []


Overfull \hbox (4.06595pt too wide) in paragraph at lines 715--716
 []\T1/lmr/m/n/10 HHI
 []


Overfull \hbox (5.45496pt too wide) in paragraph at lines 715--716
 \T1/lmr/m/n/10 2015
 []


Overfull \hbox (4.06595pt too wide) in paragraph at lines 717--718
 []\T1/lmr/m/n/10 HHI
 []


Overfull \hbox (5.45496pt too wide) in paragraph at lines 717--718
 \T1/lmr/m/n/10 2025
 []


Overfull \hbox (15.84729pt too wide) in paragraph at lines 719--720
 []\T1/lmr/m/n/10 Cambio
 []


Overfull \hbox (0.84782pt too wide) in paragraph at lines 719--720
 \T1/lmr/m/n/10 HHI
 []


Overfull \hbox (4.52588pt too wide) in paragraph at lines 725--726
 []\T1/lmr/m/n/10 Cambio
 []


Overfull \hbox (19.56769pt too wide) in paragraph at lines 727--728
[]\T1/lmr/m/n/10 Proveedor 
 []


Overfull \hbox (19.56769pt too wide) in paragraph at lines 729--730
[]\T1/lmr/m/n/10 Proveedor 
 []


Overfull \hbox (0.11586pt too wide) in alignment at lines 706--732
 [] [] [] [] [] [] [] [] [] [] 
 []


Overfull \hbox (11.58061pt too wide) in paragraph at lines 735--736
[]\T1/lmr/m/n/10 HS2  
 []


Overfull \hbox (4.06595pt too wide) in paragraph at lines 739--740
 []\T1/lmr/m/n/10 HHI
 []


Overfull \hbox (5.45496pt too wide) in paragraph at lines 739--740
 \T1/lmr/m/n/10 2015
 []


Overfull \hbox (4.06595pt too wide) in paragraph at lines 741--742
 []\T1/lmr/m/n/10 HHI
 []


Overfull \hbox (5.45496pt too wide) in paragraph at lines 741--742
 \T1/lmr/m/n/10 2025
 []


Overfull \hbox (15.84729pt too wide) in paragraph at lines 743--744
 []\T1/lmr/m/n/10 Cambio
 []


Overfull \hbox (0.84782pt too wide) in paragraph at lines 743--744
 \T1/lmr/m/n/10 HHI
 []


Overfull \hbox (4.52588pt too wide) in paragraph at lines 749--750
 []\T1/lmr/m/n/10 Cambio
 []


Overfull \hbox (19.56769pt too wide) in paragraph at lines 751--752
[]\T1/lmr/m/n/10 Proveedor 
 []


Overfull \hbox (19.56769pt too wide) in paragraph at lines 753--754
[]\T1/lmr/m/n/10 Proveedor 
 []


Overfull \hbox (0.11586pt too wide) in alignment at lines 732--756
 [] [] [] [] [] [] [] [] [] [] 
 []


Overfull \hbox (0.11586pt too wide) in alignment at lines 756--758
 [] [] [] [] [] [] [] [] [] [] 
 []


Overfull \hbox (3.52512pt too wide) in paragraph at lines 759--759
[]|\T1/lmr/m/n/10 50|  
 []


Overfull \hbox (8.23271pt too wide) in paragraph at lines 759--759
 []|\T1/lmr/m/n/10 0.193|
 []


Overfull \hbox (8.23271pt too wide) in paragraph at lines 759--759
 []|\T1/lmr/m/n/10 0.606|
 []


Overfull \hbox (5.01459pt too wide) in paragraph at lines 759--759
 []|\T1/lmr/m/n/10 0.413|
 []


Overfull \hbox (1.87268pt too wide) in paragraph at lines 759--759
[]|\T1/lmr/m/n/10 China|  
 []


Overfull \hbox (1.87268pt too wide) in paragraph at lines 760--761
[]|\T1/lmr/m/n/10 China|  
 []


Overfull \hbox (3.52512pt too wide) in paragraph at lines 761--761
[]|\T1/lmr/m/n/10 14|  
 []


Overfull \hbox (8.23271pt too wide) in paragraph at lines 762--762
 []|\T1/lmr/m/n/10 0.190|
 []


Overfull \hbox (8.23271pt too wide) in paragraph at lines 762--762
 []|\T1/lmr/m/n/10 0.469|
 []


Overfull \hbox (5.01459pt too wide) in paragraph at lines 762--762
 []|\T1/lmr/m/n/10 0.280|
 []


Overfull \hbox (2.84541pt too wide) in paragraph at lines 763--764
\T1/lmr/m/n/10 Lanka|  
 []


Overfull \hbox (3.52512pt too wide) in paragraph at lines 764--764
[]|\T1/lmr/m/n/10 93|  
 []


Overfull \hbox (8.23271pt too wide) in paragraph at lines 764--764
 []|\T1/lmr/m/n/10 0.156|
 []


Overfull \hbox (8.23271pt too wide) in paragraph at lines 764--765
 []|\T1/lmr/m/n/10 0.394|
 []


Overfull \hbox (5.01459pt too wide) in paragraph at lines 765--765
 []|\T1/lmr/m/n/10 0.238|
 []


Overfull \hbox (3.34535pt too wide) in paragraph at lines 765--766
[]|\T1/lmr/m/n/10 Areas, 
 []


Overfull \hbox (3.52512pt too wide) in paragraph at lines 766--766
[]|\T1/lmr/m/n/10 67|  
 []


Overfull \hbox (8.23271pt too wide) in paragraph at lines 767--767
 []|\T1/lmr/m/n/10 0.695|
 []


Overfull \hbox (8.23271pt too wide) in paragraph at lines 767--767
 []|\T1/lmr/m/n/10 0.917|
 []


Overfull \hbox (5.01459pt too wide) in paragraph at lines 767--768
 []|\T1/lmr/m/n/10 0.222|
 []


Overfull \hbox (1.87268pt too wide) in paragraph at lines 768--768
[]|\T1/lmr/m/n/10 China|  
 []


Overfull \hbox (1.87268pt too wide) in paragraph at lines 768--769
[]|\T1/lmr/m/n/10 China|  
 []


Overfull \hbox (3.52512pt too wide) in paragraph at lines 769--769
[]|\T1/lmr/m/n/10 89|  
 []


Overfull \hbox (8.23271pt too wide) in paragraph at lines 769--769
 []|\T1/lmr/m/n/10 0.294|
 []


Overfull \hbox (8.23271pt too wide) in paragraph at lines 769--769
 []|\T1/lmr/m/n/10 0.508|
 []


Overfull \hbox (5.01459pt too wide) in paragraph at lines 769--769
 []|\T1/lmr/m/n/10 0.214|
 []


Overfull \hbox (3.52512pt too wide) in paragraph at lines 771--771
[]|\T1/lmr/m/n/10 26|  
 []


Overfull \hbox (8.23271pt too wide) in paragraph at lines 771--771
 []|\T1/lmr/m/n/10 0.219|
 []


Overfull \hbox (8.23271pt too wide) in paragraph at lines 771--771
 []|\T1/lmr/m/n/10 0.430|
 []


Overfull \hbox (5.01459pt too wide) in paragraph at lines 771--771
 []|\T1/lmr/m/n/10 0.211|
 []


Overfull \hbox (3.52512pt too wide) in paragraph at lines 773--773
[]|\T1/lmr/m/n/10 91|  
 []


Overfull \hbox (8.23271pt too wide) in paragraph at lines 773--773
 []|\T1/lmr/m/n/10 0.364|
 []


Overfull \hbox (8.23271pt too wide) in paragraph at lines 773--773
 []|\T1/lmr/m/n/10 0.550|
 []


Overfull \hbox (5.01459pt too wide) in paragraph at lines 773--773
 []|\T1/lmr/m/n/10 0.186|
 []


Overfull \hbox (26.90062pt too wide) in paragraph at lines 774--774
[]|\T1/lmr/m/n/10 Switzerland|  
 []


Overfull \hbox (26.90062pt too wide) in paragraph at lines 774--775
[]|\T1/lmr/m/n/10 Switzerland|  
 []


Overfull \hbox (3.52512pt too wide) in paragraph at lines 775--775
[]|\T1/lmr/m/n/10 27|  
 []


Overfull \hbox (8.23271pt too wide) in paragraph at lines 776--776
 []|\T1/lmr/m/n/10 0.715|
 []


Overfull \hbox (8.23271pt too wide) in paragraph at lines 776--776
 []|\T1/lmr/m/n/10 0.870|
 []


Overfull \hbox (5.01459pt too wide) in paragraph at lines 776--776
 []|\T1/lmr/m/n/10 0.156|
 []


Overfull \hbox (3.52512pt too wide) in paragraph at lines 778--778
[]|\T1/lmr/m/n/10 75|  
 []


Overfull \hbox (8.23271pt too wide) in paragraph at lines 778--778
 []|\T1/lmr/m/n/10 0.315|
 []


Overfull \hbox (8.23271pt too wide) in paragraph at lines 778--778
 []|\T1/lmr/m/n/10 0.451|
 []


Overfull \hbox (5.01459pt too wide) in paragraph at lines 778--778
 []|\T1/lmr/m/n/10 0.136|
 []


Overfull \hbox (3.52512pt too wide) in paragraph at lines 780--780
[]|\T1/lmr/m/n/10 53|  
 []


Overfull \hbox (8.23271pt too wide) in paragraph at lines 781--781
 []|\T1/lmr/m/n/10 0.183|
 []


Overfull \hbox (8.23271pt too wide) in paragraph at lines 781--781
 []|\T1/lmr/m/n/10 0.294|
 []


Overfull \hbox (5.01459pt too wide) in paragraph at lines 781--781
 []|\T1/lmr/m/n/10 0.111|
 []


Overfull \hbox (2.84541pt too wide) in paragraph at lines 781--781
\T1/lmr/m/n/10 Lanka|  
 []


Overfull \hbox (1.87268pt too wide) in paragraph at lines 781--782
[]|\T1/lmr/m/n/10 China|  
 []


Overfull \hbox (0.11586pt too wide) in alignment at lines 758--782
 [] [] [] [] [] [] [] [] [] [] 
 []

[10]
Overfull \hbox (12.6294pt too wide) in paragraph at lines 817--818
[]\T1/lmr/m/n/10 HS2  
 []


Overfull \hbox (6.41745pt too wide) in paragraph at lines 821--822
 []\T1/lmr/m/n/10 HHI
 []


Overfull \hbox (7.80646pt too wide) in paragraph at lines 821--822
 \T1/lmr/m/n/10 2015
 []


Overfull \hbox (6.41745pt too wide) in paragraph at lines 823--824
 []\T1/lmr/m/n/10 HHI
 []


Overfull \hbox (7.80646pt too wide) in paragraph at lines 823--824
 \T1/lmr/m/n/10 2025
 []


Overfull \hbox (18.70662pt too wide) in paragraph at lines 825--826
 []\T1/lmr/m/n/10 Cambio
 []


Overfull \hbox (3.70715pt too wide) in paragraph at lines 825--826
 \T1/lmr/m/n/10 HHI
 []


Overfull \hbox (9.22888pt too wide) in paragraph at lines 831--832
 []\T1/lmr/m/n/10 Cambio
 []


Overfull \hbox (23.47581pt too wide) in paragraph at lines 833--834
[]\T1/lmr/m/n/10 Proveedor 
 []


Overfull \hbox (23.47581pt too wide) in paragraph at lines 835--836
[]\T1/lmr/m/n/10 Proveedor 
 []


Overfull \hbox (12.6294pt too wide) in paragraph at lines 841--842
[]\T1/lmr/m/n/10 HS2  
 []


Overfull \hbox (6.41745pt too wide) in paragraph at lines 845--846
 []\T1/lmr/m/n/10 HHI
 []


Overfull \hbox (7.80646pt too wide) in paragraph at lines 845--846
 \T1/lmr/m/n/10 2015
 []


Overfull \hbox (6.41745pt too wide) in paragraph at lines 847--848
 []\T1/lmr/m/n/10 HHI
 []


Overfull \hbox (7.80646pt too wide) in paragraph at lines 847--848
 \T1/lmr/m/n/10 2025
 []


Overfull \hbox (18.70662pt too wide) in paragraph at lines 849--850
 []\T1/lmr/m/n/10 Cambio
 []


Overfull \hbox (3.70715pt too wide) in paragraph at lines 849--850
 \T1/lmr/m/n/10 HHI
 []


Overfull \hbox (9.22888pt too wide) in paragraph at lines 855--856
 []\T1/lmr/m/n/10 Cambio
 []


Overfull \hbox (23.47581pt too wide) in paragraph at lines 857--858
[]\T1/lmr/m/n/10 Proveedor 
 []


Overfull \hbox (23.47581pt too wide) in paragraph at lines 859--860
[]\T1/lmr/m/n/10 Proveedor 
 []


Overfull \hbox (4.5739pt too wide) in paragraph at lines 865--865
[]|\T1/lmr/m/n/10 59|  
 []


Overfull \hbox (10.58421pt too wide) in paragraph at lines 866--866
 []|\T1/lmr/m/n/10 0.595|
 []


Overfull \hbox (10.58421pt too wide) in paragraph at lines 866--866
 []|\T1/lmr/m/n/10 0.274|
 []


Overfull \hbox (7.87392pt too wide) in paragraph at lines 866--867
 \T1/lmr/m/n/10 0.321|
 []


Overfull \hbox (4.5739pt too wide) in paragraph at lines 868--868
[]|\T1/lmr/m/n/10 57|  
 []


Overfull \hbox (10.58421pt too wide) in paragraph at lines 868--868
 []|\T1/lmr/m/n/10 0.536|
 []


Overfull \hbox (10.58421pt too wide) in paragraph at lines 868--868
 []|\T1/lmr/m/n/10 0.241|
 []


Overfull \hbox (7.87392pt too wide) in paragraph at lines 868--869
 \T1/lmr/m/n/10 0.295|
 []


Overfull \hbox (4.5739pt too wide) in paragraph at lines 870--870
[]|\T1/lmr/m/n/10 56|  
 []


Overfull \hbox (10.58421pt too wide) in paragraph at lines 871--871
 []|\T1/lmr/m/n/10 0.579|
 []


Overfull \hbox (10.58421pt too wide) in paragraph at lines 871--871
 []|\T1/lmr/m/n/10 0.328|
 []


Overfull \hbox (7.87392pt too wide) in paragraph at lines 871--871
 \T1/lmr/m/n/10 0.251|
 []


Overfull \hbox (4.5739pt too wide) in paragraph at lines 873--873
[]|\T1/lmr/m/n/10 71|  
 []


Overfull \hbox (10.58421pt too wide) in paragraph at lines 875--875
 []|\T1/lmr/m/n/10 0.396|
 []


Overfull \hbox (10.58421pt too wide) in paragraph at lines 875--875
 []|\T1/lmr/m/n/10 0.153|
 []


Overfull \hbox (7.87392pt too wide) in paragraph at lines 875--875
 \T1/lmr/m/n/10 0.244|
 []


Overfull \hbox (4.5739pt too wide) in paragraph at lines 877--877
[]|\T1/lmr/m/n/10 79|  
 []


Overfull \hbox (10.58421pt too wide) in paragraph at lines 877--877
 []|\T1/lmr/m/n/10 0.493|
 []


Overfull \hbox (10.58421pt too wide) in paragraph at lines 877--877
 []|\T1/lmr/m/n/10 0.263|
 []


Overfull \hbox (7.87392pt too wide) in paragraph at lines 877--877
 \T1/lmr/m/n/10 0.231|
 []


Overfull \hbox (4.5739pt too wide) in paragraph at lines 879--879
[]|\T1/lmr/m/n/10 02|  
 []


Overfull \hbox (10.58421pt too wide) in paragraph at lines 879--879
 []|\T1/lmr/m/n/10 0.691|
 []


Overfull \hbox (10.58421pt too wide) in paragraph at lines 879--879
 []|\T1/lmr/m/n/10 0.479|
 []


Overfull \hbox (7.87392pt too wide) in paragraph at lines 879--879
 \T1/lmr/m/n/10 0.212|
 []


Overfull \hbox (4.5739pt too wide) in paragraph at lines 881--881
[]|\T1/lmr/m/n/10 11|  
 []


Overfull \hbox (10.58421pt too wide) in paragraph at lines 882--882
 []|\T1/lmr/m/n/10 0.599|
 []


Overfull \hbox (10.58421pt too wide) in paragraph at lines 882--882
 []|\T1/lmr/m/n/10 0.387|
 []


Overfull \hbox (7.87392pt too wide) in paragraph at lines 882--882
 \T1/lmr/m/n/10 0.212|
 []


Overfull \hbox (4.5739pt too wide) in paragraph at lines 883--883
[]|\T1/lmr/m/n/10 37|  
 []


Overfull \hbox (10.58421pt too wide) in paragraph at lines 883--883
 []|\T1/lmr/m/n/10 0.471|
 []


Overfull \hbox (10.58421pt too wide) in paragraph at lines 883--883
 []|\T1/lmr/m/n/10 0.260|
 []


Overfull \hbox (7.87392pt too wide) in paragraph at lines 883--883
 \T1/lmr/m/n/10 0.211|
 []


Overfull \hbox (4.5739pt too wide) in paragraph at lines 885--885
[]|\T1/lmr/m/n/10 95|  
 []


Overfull \hbox (10.58421pt too wide) in paragraph at lines 886--886
 []|\T1/lmr/m/n/10 0.552|
 []


Overfull \hbox (10.58421pt too wide) in paragraph at lines 886--886
 []|\T1/lmr/m/n/10 0.349|
 []


Overfull \hbox (7.87392pt too wide) in paragraph at lines 886--886
 \T1/lmr/m/n/10 0.203|
 []


Overfull \hbox (5.7808pt too wide) in paragraph at lines 886--886
[]|\T1/lmr/m/n/10 China|  
 []


Overfull \hbox (5.7808pt too wide) in paragraph at lines 886--887
[]|\T1/lmr/m/n/10 China|  
 []


Overfull \hbox (4.5739pt too wide) in paragraph at lines 887--887
[]|\T1/lmr/m/n/10 05|  
 []


Overfull \hbox (10.58421pt too wide) in paragraph at lines 888--888
 []|\T1/lmr/m/n/10 0.763|
 []


Overfull \hbox (10.58421pt too wide) in paragraph at lines 888--888
 []|\T1/lmr/m/n/10 0.570|
 []


Overfull \hbox (7.87392pt too wide) in paragraph at lines 888--888
 \T1/lmr/m/n/10 0.193|
 []

[11]
Overfull \hbox (6.89793pt too wide) in paragraph at lines 939--940
[]\T1/lmr/m/n/10 Código 
 []


Overfull \hbox (6.89793pt too wide) in paragraph at lines 949--950
[]\T1/lmr/m/n/10 Código 
 []


Overfull \hbox (17.88895pt too wide) in paragraph at lines 960--961
 []|\T1/lmr/m/n/10 1,110,594.5|
 []


Overfull \hbox (10.11119pt too wide) in paragraph at lines 963--964
 []|\T1/lmr/m/n/10 860,008.1|
 []


Overfull \hbox (10.11119pt too wide) in paragraph at lines 965--966
 []|\T1/lmr/m/n/10 439,763.5|
 []


Overfull \hbox (10.11119pt too wide) in paragraph at lines 967--968
 []|\T1/lmr/m/n/10 414,395.2|
 []


Overfull \hbox (10.11119pt too wide) in paragraph at lines 970--971
 []|\T1/lmr/m/n/10 219,553.4|
 []

[12]
Overfull \hbox (6.89793pt too wide) in paragraph at lines 981--982
[]\T1/lmr/m/n/10 Código 
 []


Overfull \hbox (6.89793pt too wide) in paragraph at lines 991--992
[]\T1/lmr/m/n/10 Código 
 []


Overfull \hbox (10.11119pt too wide) in paragraph at lines 1002--1003
 []|\T1/lmr/m/n/10 389,696.1|
 []


Overfull \hbox (10.11119pt too wide) in paragraph at lines 1005--1006
 []|\T1/lmr/m/n/10 252,271.8|
 []


Overfull \hbox (10.11119pt too wide) in paragraph at lines 1007--1008
 []|\T1/lmr/m/n/10 230,997.0|
 []


Overfull \hbox (10.11119pt too wide) in paragraph at lines 1008--1009
 []|\T1/lmr/m/n/10 189,237.4|
 []


Overfull \hbox (10.11119pt too wide) in paragraph at lines 1010--1011
 []|\T1/lmr/m/n/10 186,704.7|
 []

<Proyecto_9_EDA_files/Proyecto_9_EDA_files/figure-latex/unnamed-chunk-9-1.pdf, id=116, 469.755pt x 325.215pt>
File: Proyecto_9_EDA_files/Proyecto_9_EDA_files/figure-latex/unnamed-chunk-9-1.pdf Graphic file (type pdf)
<use Proyecto_9_EDA_files/Proyecto_9_EDA_files/figure-latex/unnamed-chunk-9-1.pdf>
Package pdftex.def Info: Proyecto_9_EDA_files/Proyecto_9_EDA_files/figure-latex/unnamed-chunk-9-1.pdf  used on input line 1020.
(pdftex.def)             Requested size: 469.75386pt x 325.2142pt.

Underfull \hbox (badness 10000) in paragraph at lines 1020--1028
[][]
 []

[13]
<Proyecto_9_EDA_files/Proyecto_9_EDA_files/figure-latex/unnamed-chunk-10-1.pdf, id=124, 469.755pt x 325.215pt>
File: Proyecto_9_EDA_files/Proyecto_9_EDA_files/figure-latex/unnamed-chunk-10-1.pdf Graphic file (type pdf)
<use Proyecto_9_EDA_files/Proyecto_9_EDA_files/figure-latex/unnamed-chunk-10-1.pdf>
Package pdftex.def Info: Proyecto_9_EDA_files/Proyecto_9_EDA_files/figure-latex/unnamed-chunk-10-1.pdf  used on input line 1030.
(pdftex.def)             Requested size: 469.75386pt x 325.2142pt.

Overfull \hbox (64.08328pt too wide) in paragraph at lines 1029--1031
[]\T1/lmr/m/it/10 Importaciones [] 
 []

[14 <./Proyecto_9_EDA_files/Proyecto_9_EDA_files/figure-latex/unnamed-chunk-9-1.pdf>] [15 <./Proyecto_9_EDA_files/Proyecto_9_EDA_files/figure-latex/unnamed-chunk-10-1.pdf>]
Overfull \hbox (4.64613pt too wide) in paragraph at lines 1114--1115
 []\T1/lmr/m/n/10 registros_origen
 []


Overfull \hbox (5.19232pt too wide) in paragraph at lines 1116--1117
 []\T1/lmr/m/n/10 registros_limpios
 []


Overfull \hbox (10.53123pt too wide) in paragraph at lines 1118--1119
 []\T1/lmr/m/n/10 valor_faltante_origen
 []


Overfull \hbox (17.7503pt too wide) in paragraph at lines 1120--1121
 []\T1/lmr/m/n/10 valor_no_positivo_origen
 []


Overfull \hbox (18.34186pt too wide) in paragraph at lines 1122--1123
 []\T1/lmr/m/n/10 duplicados_exactos_origen
 []


Overfull \hbox (4.64613pt too wide) in paragraph at lines 1128--1129
 []\T1/lmr/m/n/10 registros_origen
 []


Overfull \hbox (5.19232pt too wide) in paragraph at lines 1130--1131
 []\T1/lmr/m/n/10 registros_limpios
 []


Overfull \hbox (10.53123pt too wide) in paragraph at lines 1132--1133
 []\T1/lmr/m/n/10 valor_faltante_origen
 []


Overfull \hbox (17.7503pt too wide) in paragraph at lines 1134--1135
 []\T1/lmr/m/n/10 valor_no_positivo_origen
 []


Overfull \hbox (18.34186pt too wide) in paragraph at lines 1136--1137
 []\T1/lmr/m/n/10 duplicados_exactos_origen
 []

[16]

Package longtable Warning: Column widths have changed
(longtable)                in table 9 on input line 1206.


Overfull \hbox (3.75284pt too wide) in paragraph at lines 1245--1246
 []\T1/lmr/m/n/10 valor_musd_2020
 []


Overfull \hbox (3.75284pt too wide) in paragraph at lines 1247--1248
 []\T1/lmr/m/n/10 valor_musd_2021
 []

[17]

! LaTeX Error: Unicode character âˆ’ (U+2212)
               not set up for use with LaTeX.

See the LaTeX manual or LaTeX Companion for explanation.
Type  H <return>  for immediate help.
 ...                                              
                                                  
l.1281 115 socios (âˆ’
                      45), mientras su valor subiÃ³ de 65,845.5 a 79,159.5
You may provide a definition with
\DeclareUnicodeCharacter 

 
Here is how much of TeX's memory you used:
 12082 strings out of 469158
 192464 string characters out of 5458664
 646899 words of memory out of 5000000
 40866 multiletter control sequences out of 15000+600000
 667317 words of font info for 69 fonts, out of 8000000 for 9000
 14 hyphenation exceptions out of 8191
 88i,7n,93p,413b,638s stack positions out of 10000i,1000n,20000p,200000b,200000s
!  ==> Fatal error occurred, no output PDF file produced!
